  Determining projects to restore...
  All projects are up-to-date for restore.
/Users/leoganas/RiderProjects/Leo.Project.Portfolio.Web/Leo.Project.Portfolio.Web/Pages/Contact/ContactPage.razor(112,1): error RZ9981: Unexpected closing tag 'style' with no matching start tag. [/Users/leoganas/RiderProjects/Leo.Project.Portfolio.Web/Leo.Project.Portfolio.Web/Leo.Project.Portfolio.Web.csproj]
/Users/leoganas/RiderProjects/Leo.Project.Portfolio.Web/Leo.Project.Portfolio.Web/Services/LogService.cs(37,16): warning CS8603: Possible null reference return. [/Users/leoganas/RiderProjects/Leo.Project.Portfolio.Web/Leo.Project.Portfolio.Web/Leo.Project.Portfolio.Web.csproj]
/Users/leoganas/RiderProjects/Leo.Project.Portfolio.Web/Leo.Project.Portfolio.Web/Services/PortfolioApiService.cs(22,16): warning CS8603: Possible null reference return. [/Users/leoganas/RiderProjects/Leo.Project.Portfolio.Web/Leo.Project.Portfolio.Web/Leo.Project.Portfolio.Web.csproj]
/Users/leoganas/RiderProjects/Leo.Project.Portfolio.Web/Leo.Project.Portfolio.Web/Pages/HomeBase.cs(22,35): warning CS1998: This async method lacks 'await' operators and will run synchronously. Consider using the 'await' operator to await non-blocking API calls, or 'await Task.Run(...)' to do CPU-bound work on a background thread. [/Users/leoganas/RiderProjects/Leo.Project.Portfolio.Web/Leo.Project.Portfolio.Web/Leo.Project.Portfolio.Web.csproj]
/Users/leoganas/RiderProjects/Leo.Project.Portfolio.Web/Leo.Project.Portfolio.Web/DataSource/DataSourceRequest.cs(17,23): warning CS8618: Non-nullable property 'Field' must contain a non-null value when exiting constructor. Consider adding the 'required' modifier or declaring the property as nullable. [/Users/leoganas/RiderProjects/Leo.Project.Portfolio.Web/Leo.Project.Portfolio.Web/Leo.Project.Portfolio.Web.csproj]
/Users/leoganas/RiderProjects/Leo.Project.Portfolio.Web/Leo.Project.Portfolio.Web/DataSource/DataSourceRequest.cs(18,23): warning CS8618: Non-nullable property 'Dir' must contain a non-null value when exiting constructor. Consider adding the 'required' modifier or declaring the property as nullable. [/Users/leoganas/RiderProjects/Leo.Project.Portfolio.Web/Leo.Project.Portfolio.Web/Leo.Project.Portfolio.Web.csproj]
/Users/leoganas/RiderProjects/Leo.Project.Portfolio.Web/Leo.Project.Portfolio.Web/Pages/EmailSender/EmailSenderBase.cs(13,31): warning CS8618: Non-nullable property 'snackbar' must contain a non-null value when exiting constructor. Consider adding the 'required' modifier or declaring the property as nullable. [/Users/leoganas/RiderProjects/Leo.Project.Portfolio.Web/Leo.Project.Portfolio.Web/Leo.Project.Portfolio.Web.csproj]
/Users/leoganas/RiderProjects/Leo.Project.Portfolio.Web/Leo.Project.Portfolio.Web/DataSource/DataSourceRequest.cs(23,23): warning CS8618: Non-nullable property 'Logic' must contain a non-null value when exiting constructor. Consider adding the 'required' modifier or declaring the property as nullable. [/Users/leoganas/RiderProjects/Leo.Project.Portfolio.Web/Leo.Project.Portfolio.Web/Leo.Project.Portfolio.Web.csproj]
/Users/leoganas/RiderProjects/Leo.Project.Portfolio.Web/Leo.Project.Portfolio.Web/Pages/EmailSender/Model/EmailRequestParameterable.cs(5,19): warning CS8618: Non-nullable property 'SenderEmail' must contain a non-null value when exiting constructor. Consider adding the 'required' modifier or declaring the property as nullable. [/Users/leoganas/RiderProjects/Leo.Project.Portfolio.Web/Leo.Project.Portfolio.Web/Leo.Project.Portfolio.Web.csproj]
/Users/leoganas/RiderProjects/Leo.Project.Portfolio.Web/Leo.Project.Portfolio.Web/Pages/EmailSender/Model/EmailRequestParameterable.cs(6,19): warning CS8618: Non-nullable property 'Subject' must contain a non-null value when exiting constructor. Consider adding the 'required' modifier or declaring the property as nullable. [/Users/leoganas/RiderProjects/Leo.Project.Portfolio.Web/Leo.Project.Portfolio.Web/Leo.Project.Portfolio.Web.csproj]
/Users/leoganas/RiderProjects/Leo.Project.Portfolio.Web/Leo.Project.Portfolio.Web/Pages/EmailSender/Model/EmailRequestParameterable.cs(7,19): warning CS8618: Non-nullable property 'Body' must contain a non-null value when exiting constructor. Consider adding the 'required' modifier or declaring the property as nullable. [/Users/leoganas/RiderProjects/Leo.Project.Portfolio.Web/Leo.Project.Portfolio.Web/Leo.Project.Portfolio.Web.csproj]
/Users/leoganas/RiderProjects/Leo.Project.Portfolio.Web/Leo.Project.Portfolio.Web/Pages/MyWork/Model/LeaveRecord.cs(6,19): warning CS8618: Non-nullable property 'EmployeeName' must contain a non-null value when exiting constructor. Consider adding the 'required' modifier or declaring the property as nullable. [/Users/leoganas/RiderProjects/Leo.Project.Portfolio.Web/Leo.Project.Portfolio.Web/Leo.Project.Portfolio.Web.csproj]
/Users/leoganas/RiderProjects/Leo.Project.Portfolio.Web/Leo.Project.Portfolio.Web/Pages/MyWork/Model/LeaveRecord.cs(7,19): warning CS8618: Non-nullable property 'LeaveType' must contain a non-null value when exiting constructor. Consider adding the 'required' modifier or declaring the property as nullable. [/Users/leoganas/RiderProjects/Leo.Project.Portfolio.Web/Leo.Project.Portfolio.Web/Leo.Project.Portfolio.Web.csproj]
/Users/leoganas/RiderProjects/Leo.Project.Portfolio.Web/Leo.Project.Portfolio.Web/Pages/MyWork/Model/LeaveRecord.cs(10,19): warning CS8618: Non-nullable property 'Status' must contain a non-null value when exiting constructor. Consider adding the 'required' modifier or declaring the property as nullable. [/Users/leoganas/RiderProjects/Leo.Project.Portfolio.Web/Leo.Project.Portfolio.Web/Leo.Project.Portfolio.Web.csproj]
/Users/leoganas/RiderProjects/Leo.Project.Portfolio.Web/Leo.Project.Portfolio.Web/Pages/MyWork/Model/InspectionData.cs(6,19): warning CS8618: Non-nullable property 'AssetType' must contain a non-null value when exiting constructor. Consider adding the 'required' modifier or declaring the property as nullable. [/Users/leoganas/RiderProjects/Leo.Project.Portfolio.Web/Leo.Project.Portfolio.Web/Leo.Project.Portfolio.Web.csproj]
/Users/leoganas/RiderProjects/Leo.Project.Portfolio.Web/Leo.Project.Portfolio.Web/Pages/MyWork/Model/InspectionData.cs(9,19): warning CS8618: Non-nullable property 'Defects' must contain a non-null value when exiting constructor. Consider adding the 'required' modifier or declaring the property as nullable. [/Users/leoganas/RiderProjects/Leo.Project.Portfolio.Web/Leo.Project.Portfolio.Web/Leo.Project.Portfolio.Web.csproj]
/Users/leoganas/RiderProjects/Leo.Project.Portfolio.Web/Leo.Project.Portfolio.Web/Pages/MyWork/Model/InspectionData.cs(10,19): warning CS8618: Non-nullable property 'InspectionNotes' must contain a non-null value when exiting constructor. Consider adding the 'required' modifier or declaring the property as nullable. [/Users/leoganas/RiderProjects/Leo.Project.Portfolio.Web/Leo.Project.Portfolio.Web/Leo.Project.Portfolio.Web.csproj]
/Users/leoganas/RiderProjects/Leo.Project.Portfolio.Web/Leo.Project.Portfolio.Web/Pages/MyWork/Model/InspectionData.cs(12,19): warning CS8618: Non-nullable property 'Status' must contain a non-null value when exiting constructor. Consider adding the 'required' modifier or declaring the property as nullable. [/Users/leoganas/RiderProjects/Leo.Project.Portfolio.Web/Leo.Project.Portfolio.Web/Leo.Project.Portfolio.Web.csproj]
/Users/leoganas/RiderProjects/Leo.Project.Portfolio.Web/Leo.Project.Portfolio.Web/Pages/HomeBase.cs(17,24): warning CS8618: Non-nullable property 'FormErrors' must contain a non-null value when exiting constructor. Consider adding the 'required' modifier or declaring the property as nullable. [/Users/leoganas/RiderProjects/Leo.Project.Portfolio.Web/Leo.Project.Portfolio.Web/Leo.Project.Portfolio.Web.csproj]
/Users/leoganas/RiderProjects/Leo.Project.Portfolio.Web/Leo.Project.Portfolio.Web/Pages/HomeBase.cs(20,31): warning CS8618: Non-nullable property 'snackbar' must contain a non-null value when exiting constructor. Consider adding the 'required' modifier or declaring the property as nullable. [/Users/leoganas/RiderProjects/Leo.Project.Portfolio.Web/Leo.Project.Portfolio.Web/Leo.Project.Portfolio.Web.csproj]
/Users/leoganas/RiderProjects/Leo.Project.Portfolio.Web/Leo.Project.Portfolio.Web/Services/RequestEmailService.cs(20,16): warning CS8603: Possible null reference return. [/Users/leoganas/RiderProjects/Leo.Project.Portfolio.Web/Leo.Project.Portfolio.Web/Leo.Project.Portfolio.Web.csproj]
/Users/leoganas/RiderProjects/Leo.Project.Portfolio.Web/Leo.Project.Portfolio.Web/Pages/MyWork/Model/DocumentRecord.cs(6,19): warning CS8618: Non-nullable property 'DocumentName' must contain a non-null value when exiting constructor. Consider adding the 'required' modifier or declaring the property as nullable. [/Users/leoganas/RiderProjects/Leo.Project.Portfolio.Web/Leo.Project.Portfolio.Web/Leo.Project.Portfolio.Web.csproj]
/Users/leoganas/RiderProjects/Leo.Project.Portfolio.Web/Leo.Project.Portfolio.Web/Pages/MyWork/Model/DocumentRecord.cs(7,19): warning CS8618: Non-nullable property 'Category' must contain a non-null value when exiting constructor. Consider adding the 'required' modifier or declaring the property as nullable. [/Users/leoganas/RiderProjects/Leo.Project.Portfolio.Web/Leo.Project.Portfolio.Web/Leo.Project.Portfolio.Web.csproj]
/Users/leoganas/RiderProjects/Leo.Project.Portfolio.Web/Leo.Project.Portfolio.Web/Pages/MyWork/Model/DocumentRecord.cs(9,19): warning CS8618: Non-nullable property 'Status' must contain a non-null value when exiting constructor. Consider adding the 'required' modifier or declaring the property as nullable. [/Users/leoganas/RiderProjects/Leo.Project.Portfolio.Web/Leo.Project.Portfolio.Web/Leo.Project.Portfolio.Web.csproj]
/Users/leoganas/RiderProjects/Leo.Project.Portfolio.Web/Leo.Project.Portfolio.Web/Pages/MyWork/Model/DocumentRecord.cs(10,19): warning CS8618: Non-nullable property 'FileSize' must contain a non-null value when exiting constructor. Consider adding the 'required' modifier or declaring the property as nullable. [/Users/leoganas/RiderProjects/Leo.Project.Portfolio.Web/Leo.Project.Portfolio.Web/Leo.Project.Portfolio.Web.csproj]
/Users/leoganas/RiderProjects/Leo.Project.Portfolio.Web/Leo.Project.Portfolio.Web/DataSource/DataSourceRequest.cs(29,23): warning CS8618: Non-nullable property 'Field' must contain a non-null value when exiting constructor. Consider adding the 'required' modifier or declaring the property as nullable. [/Users/leoganas/RiderProjects/Leo.Project.Portfolio.Web/Leo.Project.Portfolio.Web/Leo.Project.Portfolio.Web.csproj]
/Users/leoganas/RiderProjects/Leo.Project.Portfolio.Web/Leo.Project.Portfolio.Web/DataSource/DataSourceRequest.cs(30,23): warning CS8618: Non-nullable property 'Operator' must contain a non-null value when exiting constructor. Consider adding the 'required' modifier or declaring the property as nullable. [/Users/leoganas/RiderProjects/Leo.Project.Portfolio.Web/Leo.Project.Portfolio.Web/Leo.Project.Portfolio.Web.csproj]
/Users/leoganas/RiderProjects/Leo.Project.Portfolio.Web/Leo.Project.Portfolio.Web/DataSource/DataSourceRequest.cs(31,23): warning CS8618: Non-nullable property 'Value' must contain a non-null value when exiting constructor. Consider adding the 'required' modifier or declaring the property as nullable. [/Users/leoganas/RiderProjects/Leo.Project.Portfolio.Web/Leo.Project.Portfolio.Web/Leo.Project.Portfolio.Web.csproj]
/Users/leoganas/RiderProjects/Leo.Project.Portfolio.Web/Leo.Project.Portfolio.Web/DataSource/DataSourceRequest.cs(36,23): warning CS8618: Non-nullable property 'Field' must contain a non-null value when exiting constructor. Consider adding the 'required' modifier or declaring the property as nullable. [/Users/leoganas/RiderProjects/Leo.Project.Portfolio.Web/Leo.Project.Portfolio.Web/Leo.Project.Portfolio.Web.csproj]
/Users/leoganas/RiderProjects/Leo.Project.Portfolio.Web/Leo.Project.Portfolio.Web/DataSource/DataSourceRequest.cs(37,23): warning CS8618: Non-nullable property 'Dir' must contain a non-null value when exiting constructor. Consider adding the 'required' modifier or declaring the property as nullable. [/Users/leoganas/RiderProjects/Leo.Project.Portfolio.Web/Leo.Project.Portfolio.Web/Leo.Project.Portfolio.Web.csproj]
/Users/leoganas/RiderProjects/Leo.Project.Portfolio.Web/Leo.Project.Portfolio.Web/DataSource/DataSourceRequest.cs(38,32): warning CS8618: Non-nullable property 'Aggregates' must contain a non-null value when exiting constructor. Consider adding the 'required' modifier or declaring the property as nullable. [/Users/leoganas/RiderProjects/Leo.Project.Portfolio.Web/Leo.Project.Portfolio.Web/Leo.Project.Portfolio.Web.csproj]
/Users/leoganas/RiderProjects/Leo.Project.Portfolio.Web/Leo.Project.Portfolio.Web/DataSource/DataSourceRequest.cs(43,23): warning CS8618: Non-nullable property 'Field' must contain a non-null value when exiting constructor. Consider adding the 'required' modifier or declaring the property as nullable. [/Users/leoganas/RiderProjects/Leo.Project.Portfolio.Web/Leo.Project.Portfolio.Web/Leo.Project.Portfolio.Web.csproj]
/Users/leoganas/RiderProjects/Leo.Project.Portfolio.Web/Leo.Project.Portfolio.Web/DataSource/DataSourceRequest.cs(44,23): warning CS8618: Non-nullable property 'AggregateType' must contain a non-null value when exiting constructor. Consider adding the 'required' modifier or declaring the property as nullable. [/Users/leoganas/RiderProjects/Leo.Project.Portfolio.Web/Leo.Project.Portfolio.Web/Leo.Project.Portfolio.Web.csproj]
/Users/leoganas/RiderProjects/Leo.Project.Portfolio.Web/Leo.Project.Portfolio.Web/DataSource/DataSourceRequest.cs(49,46): warning CS8618: Non-nullable property 'Data' must contain a non-null value when exiting constructor. Consider adding the 'required' modifier or declaring the property as nullable. [/Users/leoganas/RiderProjects/Leo.Project.Portfolio.Web/Leo.Project.Portfolio.Web/Leo.Project.Portfolio.Web.csproj]
/Users/leoganas/RiderProjects/Leo.Project.Portfolio.Web/Leo.Project.Portfolio.Web/Pages/HeroSection/HeroSectionPage.razor(79,46): warning CS8618: Non-nullable property 'BrowserViewportService' must contain a non-null value when exiting constructor. Consider adding the 'required' modifier or declaring the property as nullable. [/Users/leoganas/RiderProjects/Leo.Project.Portfolio.Web/Leo.Project.Portfolio.Web/Leo.Project.Portfolio.Web.csproj]
/Users/leoganas/RiderProjects/Leo.Project.Portfolio.Web/Leo.Project.Portfolio.Web/Pages/TopBar/TopBarPage.razor(85,47): warning CS8618: Non-nullable property 'BrowserViewportService' must contain a non-null value when exiting constructor. Consider adding the 'required' modifier or declaring the property as nullable. [/Users/leoganas/RiderProjects/Leo.Project.Portfolio.Web/Leo.Project.Portfolio.Web/Leo.Project.Portfolio.Web.csproj]
/Users/leoganas/RiderProjects/Leo.Project.Portfolio.Web/Leo.Project.Portfolio.Web/Pages/MyWork/MyWorkPage.razor(526,20): warning CS8618: Non-nullable field '_searchString' must contain a non-null value when exiting constructor. Consider adding the 'required' modifier or declaring the field as nullable. [/Users/leoganas/RiderProjects/Leo.Project.Portfolio.Web/Leo.Project.Portfolio.Web/Leo.Project.Portfolio.Web.csproj]
/Users/leoganas/RiderProjects/Leo.Project.Portfolio.Web/Leo.Project.Portfolio.Web/Pages/MyWork/MyWorkPage.razor(527,18): warning CS0649: Field 'MyWorkPage._sortNameByLength' is never assigned to, and will always have its default value false [/Users/leoganas/RiderProjects/Leo.Project.Portfolio.Web/Leo.Project.Portfolio.Web/Leo.Project.Portfolio.Web.csproj]
/Users/leoganas/RiderProjects/Leo.Project.Portfolio.Web/Leo.Project.Portfolio.Web/Pages/MyWork/MyWorkPage.razor(526,20): warning CS0649: Field 'MyWorkPage._searchString' is never assigned to, and will always have its default value null [/Users/leoganas/RiderProjects/Leo.Project.Portfolio.Web/Leo.Project.Portfolio.Web/Leo.Project.Portfolio.Web.csproj]
/Users/leoganas/RiderProjects/Leo.Project.Portfolio.Web/Leo.Project.Portfolio.Web/Pages/HeroSection/HeroSectionPage.razor(131,18): warning CS0414: The field 'HeroSectionPage._overlayAutoClose' is assigned but its value is never used [/Users/leoganas/RiderProjects/Leo.Project.Portfolio.Web/Leo.Project.Portfolio.Web/Leo.Project.Portfolio.Web.csproj]
/Users/leoganas/RiderProjects/Leo.Project.Portfolio.Web/Leo.Project.Portfolio.Web/Pages/MyWork/MyWorkPage.razor(451,17): warning CS0414: The field 'MyWorkPage.Index' is assigned but its value is never used [/Users/leoganas/RiderProjects/Leo.Project.Portfolio.Web/Leo.Project.Portfolio.Web/Leo.Project.Portfolio.Web.csproj]

Build FAILED.

/Users/leoganas/RiderProjects/Leo.Project.Portfolio.Web/Leo.Project.Portfolio.Web/Services/LogService.cs(37,16): warning CS8603: Possible null reference return. [/Users/leoganas/RiderProjects/Leo.Project.Portfolio.Web/Leo.Project.Portfolio.Web/Leo.Project.Portfolio.Web.csproj]
/Users/leoganas/RiderProjects/Leo.Project.Portfolio.Web/Leo.Project.Portfolio.Web/Services/PortfolioApiService.cs(22,16): warning CS8603: Possible null reference return. [/Users/leoganas/RiderProjects/Leo.Project.Portfolio.Web/Leo.Project.Portfolio.Web/Leo.Project.Portfolio.Web.csproj]
/Users/leoganas/RiderProjects/Leo.Project.Portfolio.Web/Leo.Project.Portfolio.Web/Pages/HomeBase.cs(22,35): warning CS1998: This async method lacks 'await' operators and will run synchronously. Consider using the 'await' operator to await non-blocking API calls, or 'await Task.Run(...)' to do CPU-bound work on a background thread. [/Users/leoganas/RiderProjects/Leo.Project.Portfolio.Web/Leo.Project.Portfolio.Web/Leo.Project.Portfolio.Web.csproj]
/Users/leoganas/RiderProjects/Leo.Project.Portfolio.Web/Leo.Project.Portfolio.Web/DataSource/DataSourceRequest.cs(17,23): warning CS8618: Non-nullable property 'Field' must contain a non-null value when exiting constructor. Consider adding the 'required' modifier or declaring the property as nullable. [/Users/leoganas/RiderProjects/Leo.Project.Portfolio.Web/Leo.Project.Portfolio.Web/Leo.Project.Portfolio.Web.csproj]
/Users/leoganas/RiderProjects/Leo.Project.Portfolio.Web/Leo.Project.Portfolio.Web/DataSource/DataSourceRequest.cs(18,23): warning CS8618: Non-nullable property 'Dir' must contain a non-null value when exiting constructor. Consider adding the 'required' modifier or declaring the property as nullable. [/Users/leoganas/RiderProjects/Leo.Project.Portfolio.Web/Leo.Project.Portfolio.Web/Leo.Project.Portfolio.Web.csproj]
/Users/leoganas/RiderProjects/Leo.Project.Portfolio.Web/Leo.Project.Portfolio.Web/Pages/EmailSender/EmailSenderBase.cs(13,31): warning CS8618: Non-nullable property 'snackbar' must contain a non-null value when exiting constructor. Consider adding the 'required' modifier or declaring the property as nullable. [/Users/leoganas/RiderProjects/Leo.Project.Portfolio.Web/Leo.Project.Portfolio.Web/Leo.Project.Portfolio.Web.csproj]
/Users/leoganas/RiderProjects/Leo.Project.Portfolio.Web/Leo.Project.Portfolio.Web/DataSource/DataSourceRequest.cs(23,23): warning CS8618: Non-nullable property 'Logic' must contain a non-null value when exiting constructor. Consider adding the 'required' modifier or declaring the property as nullable. [/Users/leoganas/RiderProjects/Leo.Project.Portfolio.Web/Leo.Project.Portfolio.Web/Leo.Project.Portfolio.Web.csproj]
/Users/leoganas/RiderProjects/Leo.Project.Portfolio.Web/Leo.Project.Portfolio.Web/Pages/EmailSender/Model/EmailRequestParameterable.cs(5,19): warning CS8618: Non-nullable property 'SenderEmail' must contain a non-null value when exiting constructor. Consider adding the 'required' modifier or declaring the property as nullable. [/Users/leoganas/RiderProjects/Leo.Project.Portfolio.Web/Leo.Project.Portfolio.Web/Leo.Project.Portfolio.Web.csproj]
/Users/leoganas/RiderProjects/Leo.Project.Portfolio.Web/Leo.Project.Portfolio.Web/Pages/EmailSender/Model/EmailRequestParameterable.cs(6,19): warning CS8618: Non-nullable property 'Subject' must contain a non-null value when exiting constructor. Consider adding the 'required' modifier or declaring the property as nullable. [/Users/leoganas/RiderProjects/Leo.Project.Portfolio.Web/Leo.Project.Portfolio.Web/Leo.Project.Portfolio.Web.csproj]
/Users/leoganas/RiderProjects/Leo.Project.Portfolio.Web/Leo.Project.Portfolio.Web/Pages/EmailSender/Model/EmailRequestParameterable.cs(7,19): warning CS8618: Non-nullable property 'Body' must contain a non-null value when exiting constructor. Consider adding the 'required' modifier or declaring the property as nullable. [/Users/leoganas/RiderProjects/Leo.Project.Portfolio.Web/Leo.Project.Portfolio.Web/Leo.Project.Portfolio.Web.csproj]
/Users/leoganas/RiderProjects/Leo.Project.Portfolio.Web/Leo.Project.Portfolio.Web/Pages/MyWork/Model/LeaveRecord.cs(6,19): warning CS8618: Non-nullable property 'EmployeeName' must contain a non-null value when exiting constructor. Consider adding the 'required' modifier or declaring the property as nullable. [/Users/leoganas/RiderProjects/Leo.Project.Portfolio.Web/Leo.Project.Portfolio.Web/Leo.Project.Portfolio.Web.csproj]
/Users/leoganas/RiderProjects/Leo.Project.Portfolio.Web/Leo.Project.Portfolio.Web/Pages/MyWork/Model/LeaveRecord.cs(7,19): warning CS8618: Non-nullable property 'LeaveType' must contain a non-null value when exiting constructor. Consider adding the 'required' modifier or declaring the property as nullable. [/Users/leoganas/RiderProjects/Leo.Project.Portfolio.Web/Leo.Project.Portfolio.Web/Leo.Project.Portfolio.Web.csproj]
/Users/leoganas/RiderProjects/Leo.Project.Portfolio.Web/Leo.Project.Portfolio.Web/Pages/MyWork/Model/LeaveRecord.cs(10,19): warning CS8618: Non-nullable property 'Status' must contain a non-null value when exiting constructor. Consider adding the 'required' modifier or declaring the property as nullable. [/Users/leoganas/RiderProjects/Leo.Project.Portfolio.Web/Leo.Project.Portfolio.Web/Leo.Project.Portfolio.Web.csproj]
/Users/leoganas/RiderProjects/Leo.Project.Portfolio.Web/Leo.Project.Portfolio.Web/Pages/MyWork/Model/InspectionData.cs(6,19): warning CS8618: Non-nullable property 'AssetType' must contain a non-null value when exiting constructor. Consider adding the 'required' modifier or declaring the property as nullable. [/Users/leoganas/RiderProjects/Leo.Project.Portfolio.Web/Leo.Project.Portfolio.Web/Leo.Project.Portfolio.Web.csproj]
/Users/leoganas/RiderProjects/Leo.Project.Portfolio.Web/Leo.Project.Portfolio.Web/Pages/MyWork/Model/InspectionData.cs(9,19): warning CS8618: Non-nullable property 'Defects' must contain a non-null value when exiting constructor. Consider adding the 'required' modifier or declaring the property as nullable. [/Users/leoganas/RiderProjects/Leo.Project.Portfolio.Web/Leo.Project.Portfolio.Web/Leo.Project.Portfolio.Web.csproj]
/Users/leoganas/RiderProjects/Leo.Project.Portfolio.Web/Leo.Project.Portfolio.Web/Pages/MyWork/Model/InspectionData.cs(10,19): warning CS8618: Non-nullable property 'InspectionNotes' must contain a non-null value when exiting constructor. Consider adding the 'required' modifier or declaring the property as nullable. [/Users/leoganas/RiderProjects/Leo.Project.Portfolio.Web/Leo.Project.Portfolio.Web/Leo.Project.Portfolio.Web.csproj]
/Users/leoganas/RiderProjects/Leo.Project.Portfolio.Web/Leo.Project.Portfolio.Web/Pages/MyWork/Model/InspectionData.cs(12,19): warning CS8618: Non-nullable property 'Status' must contain a non-null value when exiting constructor. Consider adding the 'required' modifier or declaring the property as nullable. [/Users/leoganas/RiderProjects/Leo.Project.Portfolio.Web/Leo.Project.Portfolio.Web/Leo.Project.Portfolio.Web.csproj]
/Users/leoganas/RiderProjects/Leo.Project.Portfolio.Web/Leo.Project.Portfolio.Web/Pages/HomeBase.cs(17,24): warning CS8618: Non-nullable property 'FormErrors' must contain a non-null value when exiting constructor. Consider adding the 'required' modifier or declaring the property as nullable. [/Users/leoganas/RiderProjects/Leo.Project.Portfolio.Web/Leo.Project.Portfolio.Web/Leo.Project.Portfolio.Web.csproj]
/Users/leoganas/RiderProjects/Leo.Project.Portfolio.Web/Leo.Project.Portfolio.Web/Pages/HomeBase.cs(20,31): warning CS8618: Non-nullable property 'snackbar' must contain a non-null value when exiting constructor. Consider adding the 'required' modifier or declaring the property as nullable. [/Users/leoganas/RiderProjects/Leo.Project.Portfolio.Web/Leo.Project.Portfolio.Web/Leo.Project.Portfolio.Web.csproj]
/Users/leoganas/RiderProjects/Leo.Project.Portfolio.Web/Leo.Project.Portfolio.Web/Services/RequestEmailService.cs(20,16): warning CS8603: Possible null reference return. [/Users/leoganas/RiderProjects/Leo.Project.Portfolio.Web/Leo.Project.Portfolio.Web/Leo.Project.Portfolio.Web.csproj]
/Users/leoganas/RiderProjects/Leo.Project.Portfolio.Web/Leo.Project.Portfolio.Web/Pages/MyWork/Model/DocumentRecord.cs(6,19): warning CS8618: Non-nullable property 'DocumentName' must contain a non-null value when exiting constructor. Consider adding the 'required' modifier or declaring the property as nullable. [/Users/leoganas/RiderProjects/Leo.Project.Portfolio.Web/Leo.Project.Portfolio.Web/Leo.Project.Portfolio.Web.csproj]
/Users/leoganas/RiderProjects/Leo.Project.Portfolio.Web/Leo.Project.Portfolio.Web/Pages/MyWork/Model/DocumentRecord.cs(7,19): warning CS8618: Non-nullable property 'Category' must contain a non-null value when exiting constructor. Consider adding the 'required' modifier or declaring the property as nullable. [/Users/leoganas/RiderProjects/Leo.Project.Portfolio.Web/Leo.Project.Portfolio.Web/Leo.Project.Portfolio.Web.csproj]
/Users/leoganas/RiderProjects/Leo.Project.Portfolio.Web/Leo.Project.Portfolio.Web/Pages/MyWork/Model/DocumentRecord.cs(9,19): warning CS8618: Non-nullable property 'Status' must contain a non-null value when exiting constructor. Consider adding the 'required' modifier or declaring the property as nullable. [/Users/leoganas/RiderProjects/Leo.Project.Portfolio.Web/Leo.Project.Portfolio.Web/Leo.Project.Portfolio.Web.csproj]
/Users/leoganas/RiderProjects/Leo.Project.Portfolio.Web/Leo.Project.Portfolio.Web/Pages/MyWork/Model/DocumentRecord.cs(10,19): warning CS8618: Non-nullable property 'FileSize' must contain a non-null value when exiting constructor. Consider adding the 'required' modifier or declaring the property as nullable. [/Users/leoganas/RiderProjects/Leo.Project.Portfolio.Web/Leo.Project.Portfolio.Web/Leo.Project.Portfolio.Web.csproj]
/Users/leoganas/RiderProjects/Leo.Project.Portfolio.Web/Leo.Project.Portfolio.Web/DataSource/DataSourceRequest.cs(29,23): warning CS8618: Non-nullable property 'Field' must contain a non-null value when exiting constructor. Consider adding the 'required' modifier or declaring the property as nullable. [/Users/leoganas/RiderProjects/Leo.Project.Portfolio.Web/Leo.Project.Portfolio.Web/Leo.Project.Portfolio.Web.csproj]
/Users/leoganas/RiderProjects/Leo.Project.Portfolio.Web/Leo.Project.Portfolio.Web/DataSource/DataSourceRequest.cs(30,23): warning CS8618: Non-nullable property 'Operator' must contain a non-null value when exiting constructor. Consider adding the 'required' modifier or declaring the property as nullable. [/Users/leoganas/RiderProjects/Leo.Project.Portfolio.Web/Leo.Project.Portfolio.Web/Leo.Project.Portfolio.Web.csproj]
/Users/leoganas/RiderProjects/Leo.Project.Portfolio.Web/Leo.Project.Portfolio.Web/DataSource/DataSourceRequest.cs(31,23): warning CS8618: Non-nullable property 'Value' must contain a non-null value when exiting constructor. Consider adding the 'required' modifier or declaring the property as nullable. [/Users/leoganas/RiderProjects/Leo.Project.Portfolio.Web/Leo.Project.Portfolio.Web/Leo.Project.Portfolio.Web.csproj]
/Users/leoganas/RiderProjects/Leo.Project.Portfolio.Web/Leo.Project.Portfolio.Web/DataSource/DataSourceRequest.cs(36,23): warning CS8618: Non-nullable property 'Field' must contain a non-null value when exiting constructor. Consider adding the 'required' modifier or declaring the property as nullable. [/Users/leoganas/RiderProjects/Leo.Project.Portfolio.Web/Leo.Project.Portfolio.Web/Leo.Project.Portfolio.Web.csproj]
/Users/leoganas/RiderProjects/Leo.Project.Portfolio.Web/Leo.Project.Portfolio.Web/DataSource/DataSourceRequest.cs(37,23): warning CS8618: Non-nullable property 'Dir' must contain a non-null value when exiting constructor. Consider adding the 'required' modifier or declaring the property as nullable. [/Users/leoganas/RiderProjects/Leo.Project.Portfolio.Web/Leo.Project.Portfolio.Web/Leo.Project.Portfolio.Web.csproj]
/Users/leoganas/RiderProjects/Leo.Project.Portfolio.Web/Leo.Project.Portfolio.Web/DataSource/DataSourceRequest.cs(38,32): warning CS8618: Non-nullable property 'Aggregates' must contain a non-null value when exiting constructor. Consider adding the 'required' modifier or declaring the property as nullable. [/Users/leoganas/RiderProjects/Leo.Project.Portfolio.Web/Leo.Project.Portfolio.Web/Leo.Project.Portfolio.Web.csproj]
/Users/leoganas/RiderProjects/Leo.Project.Portfolio.Web/Leo.Project.Portfolio.Web/DataSource/DataSourceRequest.cs(43,23): warning CS8618: Non-nullable property 'Field' must contain a non-null value when exiting constructor. Consider adding the 'required' modifier or declaring the property as nullable. [/Users/leoganas/RiderProjects/Leo.Project.Portfolio.Web/Leo.Project.Portfolio.Web/Leo.Project.Portfolio.Web.csproj]
/Users/leoganas/RiderProjects/Leo.Project.Portfolio.Web/Leo.Project.Portfolio.Web/DataSource/DataSourceRequest.cs(44,23): warning CS8618: Non-nullable property 'AggregateType' must contain a non-null value when exiting constructor. Consider adding the 'required' modifier or declaring the property as nullable. [/Users/leoganas/RiderProjects/Leo.Project.Portfolio.Web/Leo.Project.Portfolio.Web/Leo.Project.Portfolio.Web.csproj]
/Users/leoganas/RiderProjects/Leo.Project.Portfolio.Web/Leo.Project.Portfolio.Web/DataSource/DataSourceRequest.cs(49,46): warning CS8618: Non-nullable property 'Data' must contain a non-null value when exiting constructor. Consider adding the 'required' modifier or declaring the property as nullable. [/Users/leoganas/RiderProjects/Leo.Project.Portfolio.Web/Leo.Project.Portfolio.Web/Leo.Project.Portfolio.Web.csproj]
/Users/leoganas/RiderProjects/Leo.Project.Portfolio.Web/Leo.Project.Portfolio.Web/Pages/HeroSection/HeroSectionPage.razor(79,46): warning CS8618: Non-nullable property 'BrowserViewportService' must contain a non-null value when exiting constructor. Consider adding the 'required' modifier or declaring the property as nullable. [/Users/leoganas/RiderProjects/Leo.Project.Portfolio.Web/Leo.Project.Portfolio.Web/Leo.Project.Portfolio.Web.csproj]
/Users/leoganas/RiderProjects/Leo.Project.Portfolio.Web/Leo.Project.Portfolio.Web/Pages/TopBar/TopBarPage.razor(85,47): warning CS8618: Non-nullable property 'BrowserViewportService' must contain a non-null value when exiting constructor. Consider adding the 'required' modifier or declaring the property as nullable. [/Users/leoganas/RiderProjects/Leo.Project.Portfolio.Web/Leo.Project.Portfolio.Web/Leo.Project.Portfolio.Web.csproj]
/Users/leoganas/RiderProjects/Leo.Project.Portfolio.Web/Leo.Project.Portfolio.Web/Pages/MyWork/MyWorkPage.razor(526,20): warning CS8618: Non-nullable field '_searchString' must contain a non-null value when exiting constructor. Consider adding the 'required' modifier or declaring the field as nullable. [/Users/leoganas/RiderProjects/Leo.Project.Portfolio.Web/Leo.Project.Portfolio.Web/Leo.Project.Portfolio.Web.csproj]
/Users/leoganas/RiderProjects/Leo.Project.Portfolio.Web/Leo.Project.Portfolio.Web/Pages/MyWork/MyWorkPage.razor(527,18): warning CS0649: Field 'MyWorkPage._sortNameByLength' is never assigned to, and will always have its default value false [/Users/leoganas/RiderProjects/Leo.Project.Portfolio.Web/Leo.Project.Portfolio.Web/Leo.Project.Portfolio.Web.csproj]
/Users/leoganas/RiderProjects/Leo.Project.Portfolio.Web/Leo.Project.Portfolio.Web/Pages/MyWork/MyWorkPage.razor(526,20): warning CS0649: Field 'MyWorkPage._searchString' is never assigned to, and will always have its default value null [/Users/leoganas/RiderProjects/Leo.Project.Portfolio.Web/Leo.Project.Portfolio.Web/Leo.Project.Portfolio.Web.csproj]
/Users/leoganas/RiderProjects/Leo.Project.Portfolio.Web/Leo.Project.Portfolio.Web/Pages/HeroSection/HeroSectionPage.razor(131,18): warning CS0414: The field 'HeroSectionPage._overlayAutoClose' is assigned but its value is never used [/Users/leoganas/RiderProjects/Leo.Project.Portfolio.Web/Leo.Project.Portfolio.Web/Leo.Project.Portfolio.Web.csproj]
/Users/leoganas/RiderProjects/Leo.Project.Portfolio.Web/Leo.Project.Portfolio.Web/Pages/MyWork/MyWorkPage.razor(451,17): warning CS0414: The field 'MyWorkPage.Index' is assigned but its value is never used [/Users/leoganas/RiderProjects/Leo.Project.Portfolio.Web/Leo.Project.Portfolio.Web/Leo.Project.Portfolio.Web.csproj]
/Users/leoganas/RiderProjects/Leo.Project.Portfolio.Web/Leo.Project.Portfolio.Web/Pages/Contact/ContactPage.razor(112,1): error RZ9981: Unexpected closing tag 'style' with no matching start tag. [/Users/leoganas/RiderProjects/Leo.Project.Portfolio.Web/Leo.Project.Portfolio.Web/Leo.Project.Portfolio.Web.csproj]
    40 Warning(s)
    1 Error(s)

Time Elapsed 00:00:00.69
